  gcc p1final.c
 gdb a.out
GNU gdb (Ubuntu 8.1.1-0ubuntu1) 8.1.1
Copyright (C) 2018 Free Software Foundation, Inc.
License GPLv3+: GNU GPL version 3 or later <http://gnu.org/licenses/gpl.html>
This is free software: you are free to change and redistrib
 
 gcc -g p1final.c
 gdb a.out
GNU gdb (Ubuntu 8.1.1-0ubuntu1) 8.1.1
Copyright (C) 2018 Free Software Foundation, Inc.
License GPLv3+: GNU GPL version 3 or later <http://gnu.org/licenses/gpl.html>
This is free software: you are free to change and redistribute it.
There is NO WARRANTY, to the extent permitted by law.  Type "show copying"
and "show warranty" for details.
This GDB was configured as "x86_64-linux-gnu".
Type "show configuration" for configuration details.
For bug reporting instructions, please see:
<http://www.gnu.org/software/gdb/bugs/>.
Find the GDB manual and other documentation resources online at:
<http://www.gnu.org/software/gdb/documentation/>.
For help, type "help".
Type "apropos word" to search for commands related to "word"...
Reading symbols from a.out...done.
(gdb) b main
Breakpoint 1 at 0x7fc: file p1final.c, line 12.
(gdb) r
Starting program: /home/runner/IA1-Revision/a.out 
warning: Error disabling address space randomization: Operation not permitted

Breakpoint 1, main () at p1final.c:12
12  int main(){
(gdb) n
14    input(&n1,&n2);
(gdb) s
input (a=0x7ffff070752c, b=0x7ffff0707530) at p1final.c:3
3     printf("enter the two numbers\n");
(gdb) n
enter the two numbers
4     scanf("%d%d",a,b);
(gdb) n
2
3
5   }
(gdb) s
main () at p1final.c:15
15    sum(n1,n2,&n3);
(gdb) s
sum (a=2, b=3, sum=0x7ffff0707534) at p1final.c:7
7     *sum=a+b;
(gdb) n
8   }
(gdb) n
main () at p1final.c:16
16    output(n1,n2,n3);
(gdb) s
output (a=2, b=3, c=5) at p1final.c:10
10    printf("the sum of %d and %d is %d\n",a,b,c);
(gdb) n
the sum of 2 and 3 is 5
11  }
(gdb) n
main () at p1final.c:17
17    return 0;
(gdb) n
18  }(gdb) c
Continuing.
[Inferior 1 (process 713) exited normally]
(gdb) 